Microchip MPLAB XC8 Compiler V2.10 ()

Linker command line:

-W-3 --edf=C:\Program Files (x86)\Microchip\xc8\v2.10\pic\dat\en_msgs.txt \
  -cs -h+dist/default/production\projetoCel.X.production.sym \
  --cmf=dist/default/production\projetoCel.X.production.cmf -z -Q18F4520 \
  -oC:\Users\Thales Frazão Leite\AppData\Local\Temp\sc48.2 \
  --defsym=__MPLAB_BUILD=1 \
  -Mdist/default/production/projetoCel.X.production.map -E1 -ver=XC8 \
  --acfsm=1493 -ASTACK=0161h-05FFh -pstack=STACK -ACODE=00h-07FFFh \
  -ACONST=00h-07FFFh -ASMALLCONST=0600h-06FFhx122 \
  -AMEDIUMCONST=0600h-07FFFh -ACOMRAM=01h-07Fh -AABS1=00h-05FFh \
  -ABIGRAM=01h-05FFh -ARAM=080h-0FFh,0100h-01FFhx5 -ABANK0=080h-0FFh \
  -ABANK1=0100h-01FFh -ABANK2=0200h-02FFh -ABANK3=0300h-03FFh \
  -ABANK4=0400h-04FFh -ABANK5=0500h-05FFh -ASFR=0F80h-0FFFh \
  -preset_vec=00h,intcode,intcodelo,powerup,init -pramtop=0600h \
  -psmallconst=SMALLCONST -pmediumconst=MEDIUMCONST -pconst=CONST \
  -AFARRAM=00h-00h -ACONFIG=0300000h-030000Dh -pconfig=CONFIG \
  -AIDLOC=0200000h-0200007h -pidloc=IDLOC -AEEDATA=0F00000h-0F000FFh \
  -peeprom_data=EEDATA \
  -prdata=COMRAM,nvrram=COMRAM,nvbit=COMRAM,rbss=COMRAM,rbit=COMRAM \
  -pfarbss=FARRAM,fardata=FARRAM,nvFARRAM=FARRAM \
  -pintsave_regs=BIGRAM,bigbss=BIGRAM,bigdata=BIGRAM -pbss=RAM \
  -pidata=CODE,irdata=CODE,ibigdata=CODE,ifardata=CODE -prparam=COMRAM \
  C:\Users\Thales Frazão Leite\AppData\Local\Temp\sc48.o \
  dist/default/production\projetoCel.X.production.o 

Object code version is 3.11

Machine type is 18F4520

Call graph: (short form)




                Name                               Link     Load   Length Selector   Space Scale
C:\Users\Thales Frazão Leite\AppData\Local\Temp\sc48.o
                init                                  0        0        4        0       0
                idloc                            200000   200000        8   200000       0
                config                           300000   300000        E   300000       0
dist/default/production\projetoCel.X.production.o
                smallconst                          600      600       B2      300       0
                text23                             1FCC     1FCC       3E      F5A       0
                text22                             20DA     20DA        8      F5A       0
                text21                             2034     2034       2A      F5A       0
                text20                             1F70     1F70       5C      F5A       0
                text19                             200A     200A       2A      F5A       0
                text18                             1B9C     1B9C       AE      359       0
                text17                             1D6E     1D6E       82      359       0
                text16                             205E     205E       26      F5A       0
                text15                             19A6     19A6      10E      359       0
                text14                             1314     1314      1EA      359       0
                text13                              F5A      F5A      3BA      359       0
                text12                              6B2      6B2      8A8      359       0
                text11                             1884     1884      122      359       0
                text10                             20C4     20C4        C      F5A       0
                text9                              20D0     20D0        A      F5A       0
                text8                              1EB4     1EB4       60      F5A       0
                text7                              1CEC     1CEC       82      359       0
                text6                              20B4     20B4       10      F5A       0
                text5                              20A4     20A4       10      F5A       0
                text4                              1F14     1F14       5C      F5A       0
                text3                              1AB4     1AB4       E8      359       0
                text2                              14FE     14FE      1E4      359       0
                text1                              1C4A     1C4A       A2      359       0
                text0                              16E2     16E2      1A2      359       0
                cstackCOMRAM                          1        1       6E        1       1
                cstackBANK0                          80       80       42       80       1
                dataBANK1                           100      100       61      100       1
                dataBANK0                            C2       C2       20       80       1
                bssBANK0                             E2       E2        B       80       1
                bssCOMRAM                            6F       6F        B        1       1
                cinit                              1DF0     1DF0       62      359       0
                idataBANK1                         1E52     1E52       61      359       0
                idataBANK0                         2084     2084       20      F5A       0

TOTAL           Name                               Link     Load   Length     Space
        CLASS   STACK          

        CLASS   CODE           
                init                                  0        0        4         0
                text23                             1FCC     1FCC       3E         0
                text22                             20DA     20DA        8         0
                text21                             2034     2034       2A         0
                text20                             1F70     1F70       5C         0
                text19                             200A     200A       2A         0
                text18                             1B9C     1B9C       AE         0
                text17                             1D6E     1D6E       82         0
                text16                             205E     205E       26         0
                text15                             19A6     19A6      10E         0
                text14                             1314     1314      1EA         0
                text13                              F5A      F5A      3BA         0
                text12                              6B2      6B2      8A8         0
                text11                             1884     1884      122         0
                text10                             20C4     20C4        C         0
                text9                              20D0     20D0        A         0
                text8                              1EB4     1EB4       60         0
                text7                              1CEC     1CEC       82         0
                text6                              20B4     20B4       10         0
                text5                              20A4     20A4       10         0
                text4                              1F14     1F14       5C         0
                text3                              1AB4     1AB4       E8         0
                text2                              14FE     14FE      1E4         0
                text1                              1C4A     1C4A       A2         0
                text0                              16E2     16E2      1A2         0
                cinit                              1DF0     1DF0       62         0
                idataBANK1                         1E52     1E52       61         0
                idataBANK0                         2084     2084       20         0

        CLASS   CONST          

        CLASS   SMALLCONST     
                smallconst                          600      600       B2         0

        CLASS   MEDIUMCONST    

        CLASS   COMRAM         
                cstackCOMRAM                          1        1       6E         1
                bssCOMRAM                            6F       6F        B         1

        CLASS   ABS1           

        CLASS   BIGRAM         

        CLASS   RAM            

        CLASS   BANK0          
                cstackBANK0                          80       80       42         1
                dataBANK0                            C2       C2       20         1
                bssBANK0                             E2       E2        B         1

        CLASS   BANK1          
                dataBANK1                           100      100       61         1

        CLASS   BANK2          

        CLASS   BANK3          

        CLASS   BANK4          

        CLASS   BANK5          

        CLASS   SFR            

        CLASS   FARRAM         

        CLASS   CONFIG         
                config                           300000   300000        E         0

        CLASS   IDLOC          
                idloc                            200000   200000        8         0

        CLASS   EEDATA         



SEGMENTS        Name                           Load    Length   Top    Selector   Space  Class

                reset_vec                      000000  000004  000004         0       0  CODE    
                cstackCOMRAM                   000001  000079  00007A         1       1  COMRAM  
                cstackBANK0                    000080  00006D  0000ED        80       1  BANK0   
                dataBANK1                      000100  000061  000161       100       1  BANK1   
                smallconst                     000600  0000B2  0006B2       300       0  SMALLCON
                text12                         0006B2  001801  001EB3       359       0  CODE    
                text8                          001EB4  00022E  0020E2       F5A       0  CODE    
                idloc                          200000  000008  200008    200000       0  IDLOC   
                config                         300000  00000E  30000E    300000       0  CONFIG  


UNUSED ADDRESS RANGES

        Name                Unused          Largest block    Delta
        BANK0            0000ED-0000FF               13
        BANK1            000161-0001FF               9F
        BANK2            000200-0002FF              100
        BANK3            000300-0003FF              100
        BANK4            000400-0004FF              100
        BANK5            000500-0005FF              100
        BIGRAM           00007A-00007F                6
                         0000ED-0000FF               13
                         000161-0005FF              49F
        CODE             000004-0005FF              5FC
                         001EB3-001EB3                1
                         0020E2-007FFF             5F1E
        COMRAM           00007A-00007F                6
        CONST            000004-0005FF              5FC
                         001EB3-001EB3                1
                         0020E2-007FFF             5F1E
        EEDATA           F00000-F000FF              100
        MEDIUMCONST      001EB3-001EB3                1
                         0020E2-007FFF             5F1E
        RAM              0000ED-0000FF               13
                         000161-0005FF              100
        SFR              000F80-000FFF               80
        SMALLCONST       001EB3-001EB3                1
                         0020E2-007FFF              100
        STACK            000161-0005FF              49F

                                  Symbol Table

?___wmul                 cstackCOMRAM 000001
_ADCON1                  (abs)        000FC1
_PORTB                   (abs)        000F81
_PORTC                   (abs)        000F82
_PORTCbits               (abs)        000F82
_PORTD                   (abs)        000F83
_PORTDbits               (abs)        000F83
_PORTE                   (abs)        000F84
_PORTEbits               (abs)        000F84
_TRISA                   (abs)        000F92
_TRISB                   (abs)        000F93
_TRISC                   (abs)        000F94
_TRISCbits               (abs)        000F94
_TRISD                   (abs)        000F95
_TRISE                   (abs)        000F96
__CFG_BOREN$OFF          (abs)        000000
__CFG_BORV$              (abs)        00002E
__CFG_CCP2MX$PORTC       (abs)        000000
__CFG_CP0$OFF            (abs)        000000
__CFG_CP1$OFF            (abs)        000000
__CFG_CP2$OFF            (abs)        000000
__CFG_CP3$OFF            (abs)        000000
__CFG_CPB$OFF            (abs)        000000
__CFG_CPD$OFF            (abs)        000000
__CFG_DEBUG$OFF          (abs)        000000
__CFG_EBTR0$OFF          (abs)        000000
__CFG_EBTR1$OFF          (abs)        000000
__CFG_EBTR2$OFF          (abs)        000000
__CFG_EBTR3$OFF          (abs)        000000
__CFG_EBTRB$OFF          (abs)        000000
__CFG_FCMEN$OFF          (abs)        000000
__CFG_IESO$OFF           (abs)        000000
__CFG_LPT1OSC$OFF        (abs)        000000
__CFG_LVP$OFF            (abs)        000000
__CFG_MCLRE$ON           (abs)        000000
__CFG_OSC$HS             (abs)        000000
__CFG_PBADEN$ON          (abs)        000000
__CFG_PWRT$OFF           (abs)        000000
__CFG_STVREN$OFF         (abs)        000000
__CFG_WDT$OFF            (abs)        000000
__CFG_WDTPS$1            (abs)        000000
__CFG_WRT0$OFF           (abs)        000000
__CFG_WRT1$OFF           (abs)        000000
__CFG_WRT2$OFF           (abs)        000000
__CFG_WRT3$OFF           (abs)        000000
__CFG_WRTB$OFF           (abs)        000000
__CFG_WRTC$OFF           (abs)        000000
__CFG_WRTD$OFF           (abs)        000000
__CFG_XINST$OFF          (abs)        000000
__HRAM                   (abs)        000000
__Habs1                  abs1         000000
__Hbank0                 bank0        000000
__Hbank1                 bank1        000000
__Hbank2                 bank2        000000
__Hbank3                 bank3        000000
__Hbank4                 bank4        000000
__Hbank5                 bank5        000000
__Hbigbss                bigbss       000000
__Hbigdata               bigdata      000000
__Hbigram                bigram       000000
__Hbss                   bss          000000
__HbssBANK0              bssBANK0     000000
__HbssCOMRAM             bssCOMRAM    000000
__Hcinit                 cinit        000000
__Hclrtext               clrtext      000000
__Hcomram                comram       000000
__Hconfig                config       30000E
__Hconst                 const        000000
__HcstackBANK0           cstackBANK0  000000
__HcstackCOMRAM          cstackCOMRAM 000000
__Hdata                  data         000000
__HdataBANK0             dataBANK0    000000
__HdataBANK1             dataBANK1    000000
__Heeprom_data           eeprom_data  000000
__Hfarbss                farbss       000000
__Hfardata               fardata      000000
__Hibigdata              ibigdata     000000
__Hidata                 idata        000000
__HidataBANK0            idataBANK0   000000
__HidataBANK1            idataBANK1   000000
__Hidloc                 idloc        200008
__Hifardata              ifardata     000000
__Hinit                  init         000004
__Hintcode               intcode      000000
__Hintcode_body          intcode_body 000000
__Hintcodelo             intcodelo    000000
__Hintentry              intentry     000000
__Hintret                intret       000000
__Hintsave_regs          intsave_regs 000000
__Hirdata                irdata       000000
__Hmediumconst           mediumconst  000000
__HnvFARRAM              nvFARRAM     000000
__Hnvbit                 nvbit        000000
__Hnvrram                nvrram       000000
__Hparam                 rparam       000000
__Hpowerup               powerup      000000
__Hram                   ram          000000
__Hramtop                ramtop       000600
__Hrbit                  rbit         000000
__Hrbss                  rbss         000000
__Hrdata                 rdata        000000
__Hreset_vec             reset_vec    000000
__Hrparam                rparam       000000
__Hsfr                   sfr          000000
__Hsmallconst            smallconst   0006B2
__Hspace_0               (abs)        30000E
__Hspace_1               (abs)        000161
__Hspace_2               (abs)        000000
__Hstack                 stack        000000
__Hstruct                struct       000000
__Htemp                  temp         000000
__Htext                  text         000000
__Htext0                 text0        000000
__Htext1                 text1        000000
__Htext10                text10       000000
__Htext11                text11       000000
__Htext12                text12       000000
__Htext13                text13       000000
__Htext14                text14       000000
__Htext15                text15       000000
__Htext16                text16       000000
__Htext17                text17       000000
__Htext18                text18       000000
__Htext19                text19       000000
__Htext2                 text2        000000
__Htext20                text20       000000
__Htext21                text21       000000
__Htext22                text22       000000
__Htext23                text23       000000
__Htext3                 text3        000000
__Htext4                 text4        000000
__Htext5                 text5        000000
__Htext6                 text6        000000
__Htext7                 text7        000000
__Htext8                 text8        000000
__Htext9                 text9        000000
__LRAM                   (abs)        000001
__Labs1                  abs1         000000
__Lbank0                 bank0        000000
__Lbank1                 bank1        000000
__Lbank2                 bank2        000000
__Lbank3                 bank3        000000
__Lbank4                 bank4        000000
__Lbank5                 bank5        000000
__Lbigbss                bigbss       000000
__Lbigdata               bigdata      000000
__Lbigram                bigram       000000
__Lbss                   bss          000000
__LbssBANK0              bssBANK0     000000
__LbssCOMRAM             bssCOMRAM    000000
__Lcinit                 cinit        000000
__Lclrtext               clrtext      000000
__Lcomram                comram       000000
__Lconfig                config       300000
__Lconst                 const        000000
__LcstackBANK0           cstackBANK0  000000
__LcstackCOMRAM          cstackCOMRAM 000000
__Ldata                  data         000000
__LdataBANK0             dataBANK0    000000
__LdataBANK1             dataBANK1    000000
__Leeprom_data           eeprom_data  000000
__Lfarbss                farbss       000000
__Lfardata               fardata      000000
__Libigdata              ibigdata     000000
__Lidata                 idata        000000
__LidataBANK0            idataBANK0   000000
__LidataBANK1            idataBANK1   000000
__Lidloc                 idloc        200000
__Lifardata              ifardata     000000
__Linit                  init         000000
__Lintcode               intcode      000000
__Lintcode_body          intcode_body 000000
__Lintcodelo             intcodelo    000000
__Lintentry              intentry     000000
__Lintret                intret       000000
__Lintsave_regs          intsave_regs 000000
__Lirdata                irdata       000000
__Lmediumconst           mediumconst  000000
__LnvFARRAM              nvFARRAM     000000
__Lnvbit                 nvbit        000000
__Lnvrram                nvrram       000000
__Lparam                 rparam       000000
__Lpowerup               powerup      000000
__Lram                   ram          000000
__Lramtop                ramtop       000600
__Lrbit                  rbit         000000
__Lrbss                  rbss         000000
__Lrdata                 rdata        000000
__Lreset_vec             reset_vec    000000
__Lrparam                rparam       000000
__Lsfr                   sfr          000000
__Lsmallconst            smallconst   000600
__Lspace_0               (abs)        000000
__Lspace_1               (abs)        000000
__Lspace_2               (abs)        000000
__Lstack                 stack        000000
__Lstruct                struct       000000
__Ltemp                  temp         000000
__Ltext                  text         000000
__Ltext0                 text0        000000
__Ltext1                 text1        000000
__Ltext10                text10       000000
__Ltext11                text11       000000
__Ltext12                text12       000000
__Ltext13                text13       000000
__Ltext14                text14       000000
__Ltext15                text15       000000
__Ltext16                text16       000000
__Ltext17                text17       000000
__Ltext18                text18       000000
__Ltext19                text19       000000
__Ltext2                 text2        000000
__Ltext20                text20       000000
__Ltext21                text21       000000
__Ltext22                text22       000000
__Ltext23                text23       000000
__Ltext3                 text3        000000
__Ltext4                 text4        000000
__Ltext5                 text5        000000
__Ltext6                 text6        000000
__Ltext7                 text7        000000
__Ltext8                 text8        000000
__Ltext9                 text9        000000
__S0                     (abs)        30000E
__S1                     (abs)        000161
__S2                     (abs)        000000
___inthi_sp              stack        000000
___intlo_sp              stack        000000
___param_bank            (abs)        000000
___rparam_used           (abs)        000001
___sp                    stack        000000
___wmul                  text16       00205E
___wmul@multiplicand     cstackCOMRAM 000003
___wmul@multiplier       cstackCOMRAM 000001
___wmul@product          cstackCOMRAM 000005
__accesstop              (abs)        000080
__activetblptr           (abs)        000002
__end_of___wmul          text16       002084
__end_of__initialization cinit        001E48
__end_of_atraso_ms       text23       00200A
__end_of_delay           text8        001F14
__end_of_getd            text10       0020D0
__end_of_getu            text9        0020DA
__end_of_i2c_rb          text7        001D6E
__end_of_i2c_start       text6        0020C4
__end_of_i2c_stop        text5        0020B4
__end_of_i2c_wb          text4        001F70
__end_of_imprimeSimbolo  text17       001DF0
__end_of_lcd_cmd         text21       00205E
__end_of_lcd_dat         text19       002034
__end_of_lcd_init        text20       001FCC
__end_of_lcd_pos         text18       001C4A
__end_of_lcd_str         text15       001AB4
__end_of_lcd_wr          text22       0020E2
__end_of_ligacao         text13       001314
__end_of_linha           smallconst   000605
__end_of_main            text0        001884
__end_of_mensagem        text12       000F5A
__end_of_menu            text11       0019A6
__end_of_rtc_r           text3        001B9C
__end_of_simulaChamada   text2        0016E2
__end_of_simulaMensagem  text1        001CEC
__end_of_tc_tecla        text14       0014FE
__initialization         cinit        001DF0
__mediumconst            mediumconst  000000
__pbssBANK0              bssBANK0     0000E2
__pbssCOMRAM             bssCOMRAM    00006F
__pcinit                 cinit        001DF0
__pcstackBANK0           cstackBANK0  000080
__pcstackCOMRAM          cstackCOMRAM 000001
__pdataBANK0             dataBANK0    0000C2
__pdataBANK1             dataBANK1    000100
__pidataBANK0            idataBANK0   002084
__pidataBANK1            idataBANK1   001E52
__psmallconst            smallconst   000600
__ptext0                 text0        0016E2
__ptext1                 text1        001C4A
__ptext10                text10       0020C4
__ptext11                text11       001884
__ptext12                text12       0006B2
__ptext13                text13       000F5A
__ptext14                text14       001314
__ptext15                text15       0019A6
__ptext16                text16       00205E
__ptext17                text17       001D6E
__ptext18                text18       001B9C
__ptext19                text19       00200A
__ptext2                 text2        0014FE
__ptext20                text20       001F70
__ptext21                text21       002034
__ptext22                text22       0020DA
__ptext23                text23       001FCC
__ptext3                 text3        001AB4
__ptext4                 text4        001F14
__ptext5                 text5        0020A4
__ptext6                 text6        0020B4
__ptext7                 text7        001CEC
__ptext8                 text8        001EB4
__ptext9                 text9        0020D0
__ramtop                 ramtop       000600
__size_of___wmul         (abs)        000000
__size_of_atraso_ms      (abs)        000000
__size_of_delay          (abs)        000000
__size_of_getd           (abs)        000000
__size_of_getu           (abs)        000000
__size_of_i2c_rb         (abs)        000000
__size_of_i2c_start      (abs)        000000
__size_of_i2c_stop       (abs)        000000
__size_of_i2c_wb         (abs)        000000
__size_of_imprimeSimbolo (abs)        000000
__size_of_lcd_cmd        (abs)        000000
__size_of_lcd_dat        (abs)        000000
__size_of_lcd_init       (abs)        000000
__size_of_lcd_pos        (abs)        000000
__size_of_lcd_str        (abs)        000000
__size_of_lcd_wr         (abs)        000000
__size_of_ligacao        (abs)        000000
__size_of_main           (abs)        000000
__size_of_mensagem       (abs)        000000
__size_of_menu           (abs)        000000
__size_of_rtc_r          (abs)        000000
__size_of_simulaChamada  (abs)        000000
__size_of_simulaMensagem (abs)        000000
__size_of_tc_tecla       (abs)        000000
__smallconst             smallconst   000600
_atraso_ms               text23       001FCC
_condRetornaInicial      bssCOMRAM    00006F
_date                    bssCOMRAM    000070
_delay                   text8        001EB4
_getd                    text10       0020C4
_getu                    text9        0020D0
_i2c_rb                  text7        001CEC
_i2c_start               text6        0020B4
_i2c_stop                text5        0020A4
_i2c_wb                  text4        001F14
_identificaSinal         bssBANK0     0000EC
_imprimeSimbolo          text17       001D6E
_lcd_cmd                 text21       002034
_lcd_dat                 text19       00200A
_lcd_init                text20       001F70
_lcd_pos                 text18       001B9C
_lcd_str                 text15       0019A6
_lcd_wr                  text22       0020DA
_ligacao                 text13       000F5A
_linha                   smallconst   000601
_listaLetras             dataBANK1    000100
_main                    text0        0016E2
_mensagem                text12       0006B2
_menu                    text11       001884
_rtc_r                   text3        001AB4
_simulaChamada           text2        0014FE
_simulaMensagem          text1        001C4A
_tc_tecla                text14       001314
_time                    bssBANK0     0000E2
atraso_ms@i              cstackCOMRAM 000003
atraso_ms@j              cstackCOMRAM 000005
atraso_ms@valor          cstackCOMRAM 000001
delay@i                  cstackCOMRAM 000001
delay@j                  cstackCOMRAM 000003
delay@k                  cstackCOMRAM 000004
end_of_initialization    cinit        001E48
getd@nn                  cstackCOMRAM 000001
getu@nn                  cstackCOMRAM 000001
i2c_rb@ack               cstackCOMRAM 000007
i2c_rb@i                 cstackCOMRAM 000009
i2c_rb@ret               cstackCOMRAM 000008
i2c_wb@i                 cstackCOMRAM 000008
i2c_wb@val               cstackCOMRAM 000007
imprimeSimbolo@val       cstackCOMRAM 00000A
intlevel0                text         000000
intlevel1                text         000000
intlevel2                text         000000
intlevel3                text         000000
lcd_cmd@val              cstackCOMRAM 000006
lcd_dat@val              cstackCOMRAM 000006
lcd_pos@col              cstackCOMRAM 000006
lcd_pos@lin              cstackCOMRAM 000009
lcd_pos@val              cstackCOMRAM 000007
lcd_str@i                cstackCOMRAM 000010
lcd_str@j                cstackCOMRAM 00000F
lcd_str@lin              cstackCOMRAM 00000E
lcd_str@str              cstackCOMRAM 00000A
lcd_wr@val               cstackCOMRAM 000001
ligacao@buzz             cstackCOMRAM 000022
ligacao@contN            cstackCOMRAM 000025
ligacao@i                cstackCOMRAM 000023
ligacao@ligar            cstackCOMRAM 000014
ligacao@numero           cstackCOMRAM 000016
ligacao@old_TC           cstackCOMRAM 000013
ligacao@tecla            cstackCOMRAM 000024
ligacao@tempo            cstackCOMRAM 000015
main@F2384               dataBANK0    0000C2
main@F2386               dataBANK1    000141
main@i                   cstackBANK0  0000C1
main@mensg               cstackBANK0  0000A0
main@tecla               cstackBANK0  0000C0
main@teleph              cstackBANK0  000080
mensagem@coluna          cstackCOMRAM 000065
mensagem@contMSG         cstackCOMRAM 000062
mensagem@contN           cstackCOMRAM 000066
mensagem@i               cstackCOMRAM 000061
mensagem@letra           cstackCOMRAM 000068
mensagem@linha           cstackCOMRAM 000063
mensagem@mensagem        cstackCOMRAM 000013
mensagem@numero          cstackCOMRAM 000055
mensagem@old_TC          cstackCOMRAM 000053
mensagem@tecla           cstackCOMRAM 000067
mensagem@tempo           cstackCOMRAM 000064
menu@tecla               cstackCOMRAM 00006C
menu@tempo               cstackCOMRAM 00006B
rtc_r@tmp                cstackCOMRAM 00000A
simulaChamada@atender    cstackCOMRAM 000012
simulaChamada@buzz       cstackCOMRAM 000015
simulaChamada@i          cstackCOMRAM 000014
simulaChamada@old_TC     cstackCOMRAM 000011
simulaChamada@tecla      cstackCOMRAM 000016
simulaChamada@tempo      cstackCOMRAM 000013
simulaMensagem@tecla     cstackCOMRAM 000011
stackhi                  (abs)        0005FF
stacklo                  (abs)        000161
start                    init         000000
start_initialization     cinit        001DF0
tc_tecla@i               cstackCOMRAM 00000F
tc_tecla@old_D           cstackCOMRAM 00000B
tc_tecla@old_TB          cstackCOMRAM 00000D
tc_tecla@old_TD          cstackCOMRAM 00000C
tc_tecla@ret             cstackCOMRAM 00000E
tc_tecla@timeout         cstackCOMRAM 000006
tc_tecla@tmp             cstackCOMRAM 00000A
tc_tecla@to              cstackCOMRAM 000008


FUNCTION INFORMATION:

 *************** function _main *****************
 Defined at:
		line 36 in file "main.c"
 Parameters:    Size  Location     Type
		None
 Auto vars:     Size  Location     Type
  mensg          32   32[BANK0 ] unsigned char [32]
  teleph         32    0[BANK0 ] unsigned char [32]
  i               1   65[BANK0 ] unsigned char 
  tecla           1   64[BANK0 ] unsigned char 
 Return value:  Size  Location     Type
                  1    wreg      void 
 Registers used:
		wreg, fsr0l, fsr0h, fsr1l, fsr1h, fsr2l, fsr2h, status,2, status,0, tblptrl, tblptrh, tblptru, prodl, prodh, cstack
 Tracked objects:
		On entry : 
		On exit  : 
		Unchanged: 
 Data sizes:     COMRAM   BANK0   BANK1   BANK2   BANK3   BANK4   BANK5
      Params:         0       0       0       0       0       0       0
      Locals:         0      66       0       0       0       0       0
      Temps:          2       0       0       0       0       0       0
      Totals:         2      66       0       0       0       0       0
Total ram usage:       68 bytes
 Hardware stack levels required when called:    5
 This function calls:
		_lcd_cmd
		_lcd_dat
		_lcd_init
		_lcd_pos
		_lcd_str
		_menu
		_rtc_r
		_simulaChamada
		_simulaMensagem
		_tc_tecla
 This function is called by:
		Startup code after reset
 This function uses a non-reentrant model


 *************** function _simulaMensagem *****************
 Defined at:
		line 606 in file "main.c"
 Parameters:    Size  Location     Type
		None
 Auto vars:     Size  Location     Type
  tecla           1   16[COMRAM] unsigned char 
 Return value:  Size  Location     Type
                  1    wreg      void 
 Registers used:
		wreg, fsr0l, fsr0h, status,2, status,0, tblptrl, tblptrh, tblptru, prodl, prodh, cstack
 Tracked objects:
		On entry : 
		On exit  : 
		Unchanged: 
 Data sizes:     COMRAM   BANK0   BANK1   BANK2   BANK3   BANK4   BANK5
      Params:         0       0       0       0       0       0       0
      Locals:         1       0       0       0       0       0       0
      Temps:          0       0       0       0       0       0       0
      Totals:         1       0       0       0       0       0       0
Total ram usage:        1 bytes
 Hardware stack levels used:    1
 Hardware stack levels required when called:    3
 This function calls:
		_imprimeSimbolo
		_lcd_cmd
		_lcd_pos
		_lcd_str
		_tc_tecla
 This function is called by:
		_main
 This function uses a non-reentrant model


 *************** function _simulaChamada *****************
 Defined at:
		line 636 in file "main.c"
 Parameters:    Size  Location     Type
		None
 Auto vars:     Size  Location     Type
  tecla           1   21[COMRAM] unsigned char 
  buzz            1   20[COMRAM] unsigned char 
  i               1   19[COMRAM] unsigned char 
  tempo           1   18[COMRAM] unsigned char 
  atender         1   17[COMRAM] unsigned char 
  old_TC          1   16[COMRAM] unsigned char 
 Return value:  Size  Location     Type
                  1    wreg      void 
 Registers used:
		wreg, fsr0l, fsr0h, status,2, status,0, tblptrl, tblptrh, tblptru, prodl, prodh, cstack
 Tracked objects:
		On entry : 
		On exit  : 
		Unchanged: 
 Data sizes:     COMRAM   BANK0   BANK1   BANK2   BANK3   BANK4   BANK5
      Params:         0       0       0       0       0       0       0
      Locals:         6       0       0       0       0       0       0
      Temps:          0       0       0       0       0       0       0
      Totals:         6       0       0       0       0       0       0
Total ram usage:        6 bytes
 Hardware stack levels used:    1
 Hardware stack levels required when called:    3
 This function calls:
		_atraso_ms
		_imprimeSimbolo
		_lcd_cmd
		_lcd_pos
		_lcd_str
		_tc_tecla
 This function is called by:
		_main
 This function uses a non-reentrant model


 *************** function _rtc_r *****************
 Defined at:
		line 42 in file "rtc_r.c"
 Parameters:    Size  Location     Type
		None
 Auto vars:     Size  Location     Type
  tmp             1    9[COMRAM] unsigned char 
 Return value:  Size  Location     Type
                  1    wreg      void 
 Registers used:
		wreg, status,2, status,0, cstack
 Tracked objects:
		On entry : 
		On exit  : 
		Unchanged: 
 Data sizes:     COMRAM   BANK0   BANK1   BANK2   BANK3   BANK4   BANK5
      Params:         0       0       0       0       0       0       0
      Locals:         1       0       0       0       0       0       0
      Temps:          0       0       0       0       0       0       0
      Totals:         1       0       0       0       0       0       0
Total ram usage:        1 bytes
 Hardware stack levels used:    1
 Hardware stack levels required when called:    2
 This function calls:
		_getd
		_getu
		_i2c_rb
		_i2c_start
		_i2c_stop
		_i2c_wb
 This function is called by:
		_main
 This function uses a non-reentrant model


 *************** function _i2c_wb *****************
 Defined at:
		line 62 in file "i2c.c"
 Parameters:    Size  Location     Type
  val             1    wreg     unsigned char 
 Auto vars:     Size  Location     Type
  val             1    6[COMRAM] unsigned char 
  i               1    7[COMRAM] unsigned char 
 Return value:  Size  Location     Type
                  1    wreg      void 
 Registers used:
		wreg, status,2, status,0, cstack
 Tracked objects:
		On entry : 
		On exit  : 
		Unchanged: 
 Data sizes:     COMRAM   BANK0   BANK1   BANK2   BANK3   BANK4   BANK5
      Params:         0       0       0       0       0       0       0
      Locals:         2       0       0       0       0       0       0
      Temps:          2       0       0       0       0       0       0
      Totals:         4       0       0       0       0       0       0
Total ram usage:        4 bytes
 Hardware stack levels used:    1
 Hardware stack levels required when called:    1
 This function calls:
		_delay
 This function is called by:
		_rtc_r
 This function uses a non-reentrant model


 *************** function _i2c_stop *****************
 Defined at:
		line 54 in file "i2c.c"
 Parameters:    Size  Location     Type
		None
 Auto vars:     Size  Location     Type
		None
 Return value:  Size  Location     Type
                  1    wreg      void 
 Registers used:
		wreg, status,2, status,0, cstack
 Tracked objects:
		On entry : 
		On exit  : 
		Unchanged: 
 Data sizes:     COMRAM   BANK0   BANK1   BANK2   BANK3   BANK4   BANK5
      Params:         0       0       0       0       0       0       0
      Locals:         0       0       0       0       0       0       0
      Temps:          0       0       0       0       0       0       0
      Totals:         0       0       0       0       0       0       0
Total ram usage:        0 bytes
 Hardware stack levels used:    1
 Hardware stack levels required when called:    1
 This function calls:
		_delay
 This function is called by:
		_rtc_r
 This function uses a non-reentrant model


 *************** function _i2c_start *****************
 Defined at:
		line 46 in file "i2c.c"
 Parameters:    Size  Location     Type
		None
 Auto vars:     Size  Location     Type
		None
 Return value:  Size  Location     Type
                  1    wreg      void 
 Registers used:
		wreg, status,2, status,0, cstack
 Tracked objects:
		On entry : 
		On exit  : 
		Unchanged: 
 Data sizes:     COMRAM   BANK0   BANK1   BANK2   BANK3   BANK4   BANK5
      Params:         0       0       0       0       0       0       0
      Locals:         0       0       0       0       0       0       0
      Temps:          0       0       0       0       0       0       0
      Totals:         0       0       0       0       0       0       0
Total ram usage:        0 bytes
 Hardware stack levels used:    1
 Hardware stack levels required when called:    1
 This function calls:
		_delay
 This function is called by:
		_rtc_r
 This function uses a non-reentrant model


 *************** function _i2c_rb *****************
 Defined at:
		line 78 in file "i2c.c"
 Parameters:    Size  Location     Type
  ack             1    wreg     unsigned char 
 Auto vars:     Size  Location     Type
  ack             1    6[COMRAM] unsigned char 
  i               1    8[COMRAM] unsigned char 
  ret             1    7[COMRAM] unsigned char 
 Return value:  Size  Location     Type
                  1    wreg      unsigned char 
 Registers used:
		wreg, status,2, status,0, cstack
 Tracked objects:
		On entry : 
		On exit  : 
		Unchanged: 
 Data sizes:     COMRAM   BANK0   BANK1   BANK2   BANK3   BANK4   BANK5
      Params:         0       0       0       0       0       0       0
      Locals:         3       0       0       0       0       0       0
      Temps:          2       0       0       0       0       0       0
      Totals:         5       0       0       0       0       0       0
Total ram usage:        5 bytes
 Hardware stack levels used:    1
 Hardware stack levels required when called:    1
 This function calls:
		_delay
 This function is called by:
		_rtc_r
 This function uses a non-reentrant model


 *************** function _delay *****************
 Defined at:
		line 29 in file "i2c.c"
 Parameters:    Size  Location     Type
		None
 Auto vars:     Size  Location     Type
  i               2    0[COMRAM] unsigned int 
  k               1    3[COMRAM] volatile unsigned char 
  j               1    2[COMRAM] volatile unsigned char 
 Return value:  Size  Location     Type
                  1    wreg      void 
 Registers used:
		wreg, status,2, status,0
 Tracked objects:
		On entry : 
		On exit  : 
		Unchanged: 
 Data sizes:     COMRAM   BANK0   BANK1   BANK2   BANK3   BANK4   BANK5
      Params:         0       0       0       0       0       0       0
      Locals:         4       0       0       0       0       0       0
      Temps:          0       0       0       0       0       0       0
      Totals:         4       0       0       0       0       0       0
Total ram usage:        4 bytes
 Hardware stack levels used:    1
 This function calls:
		Nothing
 This function is called by:
		_i2c_start
		_i2c_stop
		_i2c_wb
		_i2c_rb
 This function uses a non-reentrant model


 *************** function _getu *****************
 Defined at:
		line 36 in file "rtc_r.c"
 Parameters:    Size  Location     Type
  nn              1    wreg     unsigned char 
 Auto vars:     Size  Location     Type
  nn              1    0[COMRAM] unsigned char 
 Return value:  Size  Location     Type
                  1    wreg      unsigned char 
 Registers used:
		wreg, status,2, status,0
 Tracked objects:
		On entry : 
		On exit  : 
		Unchanged: 
 Data sizes:     COMRAM   BANK0   BANK1   BANK2   BANK3   BANK4   BANK5
      Params:         0       0       0       0       0       0       0
      Locals:         1       0       0       0       0       0       0
      Temps:          0       0       0       0       0       0       0
      Totals:         1       0       0       0       0       0       0
Total ram usage:        1 bytes
 Hardware stack levels used:    1
 This function calls:
		Nothing
 This function is called by:
		_rtc_r
 This function uses a non-reentrant model


 *************** function _getd *****************
 Defined at:
		line 32 in file "rtc_r.c"
 Parameters:    Size  Location     Type
  nn              1    wreg     unsigned char 
 Auto vars:     Size  Location     Type
  nn              1    0[COMRAM] unsigned char 
 Return value:  Size  Location     Type
                  1    wreg      unsigned char 
 Registers used:
		wreg, status,2, status,0
 Tracked objects:
		On entry : 
		On exit  : 
		Unchanged: 
 Data sizes:     COMRAM   BANK0   BANK1   BANK2   BANK3   BANK4   BANK5
      Params:         0       0       0       0       0       0       0
      Locals:         1       0       0       0       0       0       0
      Temps:          0       0       0       0       0       0       0
      Totals:         1       0       0       0       0       0       0
Total ram usage:        1 bytes
 Hardware stack levels used:    1
 This function calls:
		Nothing
 This function is called by:
		_rtc_r
 This function uses a non-reentrant model


 *************** function _menu *****************
 Defined at:
		line 106 in file "main.c"
 Parameters:    Size  Location     Type
		None
 Auto vars:     Size  Location     Type
  tecla           1  107[COMRAM] unsigned char 
  tempo           1  106[COMRAM] unsigned char 
  i               1    0        unsigned char 
 Return value:  Size  Location     Type
                  1    wreg      void 
 Registers used:
		wreg, fsr0l, fsr0h, fsr1l, fsr1h, fsr2l, fsr2h, status,2, status,0, tblptrl, tblptrh, tblptru, prodl, prodh, cstack
 Tracked objects:
		On entry : 
		On exit  : 
		Unchanged: 
 Data sizes:     COMRAM   BANK0   BANK1   BANK2   BANK3   BANK4   BANK5
      Params:         0       0       0       0       0       0       0
      Locals:         2       0       0       0       0       0       0
      Temps:          2       0       0       0       0       0       0
      Totals:         4       0       0       0       0       0       0
Total ram usage:        4 bytes
 Hardware stack levels used:    1
 Hardware stack levels required when called:    4
 This function calls:
		_lcd_cmd
		_lcd_pos
		_lcd_str
		_ligacao
		_mensagem
		_tc_tecla
 This function is called by:
		_main
 This function uses a non-reentrant model


 *************** function _mensagem *****************
 Defined at:
		line 154 in file "main.c"
 Parameters:    Size  Location     Type
		None
 Auto vars:     Size  Location     Type
  mensagem       64   18[COMRAM] unsigned char [64]
  numero         12   84[COMRAM] unsigned char [12]
  letra           1  103[COMRAM] unsigned char 
  tecla           1  102[COMRAM] unsigned char 
  contN           1  101[COMRAM] unsigned char 
  coluna          1  100[COMRAM] unsigned char 
  tempo           1   99[COMRAM] unsigned char 
  linha           1   98[COMRAM] unsigned char 
  contMSG         1   97[COMRAM] unsigned char 
  i               1   96[COMRAM] unsigned char 
  enviar          1    0        unsigned char 
  old_TC          1   82[COMRAM] unsigned char 
 Return value:  Size  Location     Type
                  1    wreg      void 
 Registers used:
		wreg, fsr0l, fsr0h, fsr1l, fsr1h, fsr2l, fsr2h, status,2, status,0, tblptrl, tblptrh, tblptru, prodl, prodh, cstack
 Tracked objects:
		On entry : 
		On exit  : 
		Unchanged: 
 Data sizes:     COMRAM   BANK0   BANK1   BANK2   BANK3   BANK4   BANK5
      Params:         0       0       0       0       0       0       0
      Locals:        86       0       0       0       0       0       0
      Temps:          2       0       0       0       0       0       0
      Totals:        88       0       0       0       0       0       0
Total ram usage:       88 bytes
 Hardware stack levels used:    1
 Hardware stack levels required when called:    3
 This function calls:
		_atraso_ms
		_imprimeSimbolo
		_lcd_cmd
		_lcd_dat
		_lcd_pos
		_lcd_str
		_tc_tecla
 This function is called by:
		_menu
 This function uses a non-reentrant model


 *************** function _ligacao *****************
 Defined at:
		line 480 in file "main.c"
 Parameters:    Size  Location     Type
		None
 Auto vars:     Size  Location     Type
  numero         12   21[COMRAM] unsigned char [12]
  contN           1   36[COMRAM] unsigned char 
  tecla           1   35[COMRAM] unsigned char 
  i               1   34[COMRAM] unsigned char 
  buzz            1   33[COMRAM] unsigned char 
  tempo           1   20[COMRAM] unsigned char 
  ligar           1   19[COMRAM] unsigned char 
  old_TC          1   18[COMRAM] unsigned char 
 Return value:  Size  Location     Type
                  1    wreg      void 
 Registers used:
		wreg, fsr0l, fsr0h, fsr2l, fsr2h, status,2, status,0, tblptrl, tblptrh, tblptru, prodl, prodh, cstack
 Tracked objects:
		On entry : 
		On exit  : 
		Unchanged: 
 Data sizes:     COMRAM   BANK0   BANK1   BANK2   BANK3   BANK4   BANK5
      Params:         0       0       0       0       0       0       0
      Locals:        19       0       0       0       0       0       0
      Temps:          2       0       0       0       0       0       0
      Totals:        21       0       0       0       0       0       0
Total ram usage:       21 bytes
 Hardware stack levels used:    1
 Hardware stack levels required when called:    3
 This function calls:
		_atraso_ms
		_imprimeSimbolo
		_lcd_cmd
		_lcd_dat
		_lcd_pos
		_lcd_str
		_tc_tecla
 This function is called by:
		_menu
 This function uses a non-reentrant model


 *************** function _tc_tecla *****************
 Defined at:
		line 25 in file "keypad.c"
 Parameters:    Size  Location     Type
  timeout         2    5[COMRAM] unsigned int 
 Auto vars:     Size  Location     Type
  to              2    7[COMRAM] unsigned int 
  i               1   14[COMRAM] unsigned char 
  ret             1   13[COMRAM] unsigned char 
  old_TB          1   12[COMRAM] unsigned char 
  old_TD          1   11[COMRAM] unsigned char 
  old_D           1   10[COMRAM] unsigned char 
  tmp             1    9[COMRAM] unsigned char 
 Return value:  Size  Location     Type
                  1    wreg      unsigned char 
 Registers used:
		wreg, status,2, status,0, tblptrl, tblptrh, tblptru, cstack
 Tracked objects:
		On entry : 
		On exit  : 
		Unchanged: 
 Data sizes:     COMRAM   BANK0   BANK1   BANK2   BANK3   BANK4   BANK5
      Params:         2       0       0       0       0       0       0
      Locals:         8       0       0       0       0       0       0
      Temps:          0       0       0       0       0       0       0
      Totals:        10       0       0       0       0       0       0
Total ram usage:       10 bytes
 Hardware stack levels used:    1
 Hardware stack levels required when called:    1
 This function calls:
		_atraso_ms
 This function is called by:
		_main
		_menu
		_mensagem
		_ligacao
		_simulaMensagem
		_simulaChamada
 This function uses a non-reentrant model


 *************** function _lcd_str *****************
 Defined at:
		line 93 in file "lcd.c"
 Parameters:    Size  Location     Type
  str             2    9[COMRAM] PTR const unsigned char 
		 -> STR_22(9), STR_21(8), STR_20(8), STR_19(7), 
		 -> STR_18(9), STR_17(8), STR_16(9), STR_15(8), 
		 -> STR_14(13), STR_13(38), STR_12(9), STR_11(9), 
		 -> STR_10(8), STR_9(7), STR_8(8), STR_7(8), 
		 -> STR_6(9), STR_5(13), STR_4(17), STR_3(14), 
		 -> STR_2(11), STR_1(8), date(10), 
 Auto vars:     Size  Location     Type
  i               1   15[COMRAM] unsigned char 
  j               1   14[COMRAM] unsigned char 
  lin             1   13[COMRAM] unsigned char 
 Return value:  Size  Location     Type
                  1    wreg      void 
 Registers used:
		wreg, fsr0l, fsr0h, status,2, status,0, tblptrl, tblptrh, tblptru, prodl, prodh, cstack
 Tracked objects:
		On entry : 
		On exit  : 
		Unchanged: 
 Data sizes:     COMRAM   BANK0   BANK1   BANK2   BANK3   BANK4   BANK5
      Params:         2       0       0       0       0       0       0
      Locals:         3       0       0       0       0       0       0
      Temps:          2       0       0       0       0       0       0
      Totals:         7       0       0       0       0       0       0
Total ram usage:        7 bytes
 Hardware stack levels used:    1
 Hardware stack levels required when called:    2
 This function calls:
		___wmul
		_lcd_dat
		_lcd_pos
 This function is called by:
		_main
		_menu
		_mensagem
		_ligacao
		_simulaMensagem
		_simulaChamada
 This function uses a non-reentrant model


 *************** function ___wmul *****************
 Defined at:
		line 15 in file "C:\Program Files (x86)\Microchip\xc8\v2.10\pic\sources\c99\common\Umul16.c"
 Parameters:    Size  Location     Type
  multiplier      2    0[COMRAM] unsigned int 
  multiplicand    2    2[COMRAM] unsigned int 
 Auto vars:     Size  Location     Type
  product         2    4[COMRAM] unsigned int 
 Return value:  Size  Location     Type
                  2    0[COMRAM] unsigned int 
 Registers used:
		wreg, status,2, status,0, prodl, prodh
 Tracked objects:
		On entry : 
		On exit  : 
		Unchanged: 
 Data sizes:     COMRAM   BANK0   BANK1   BANK2   BANK3   BANK4   BANK5
      Params:         4       0       0       0       0       0       0
      Locals:         2       0       0       0       0       0       0
      Temps:          0       0       0       0       0       0       0
      Totals:         6       0       0       0       0       0       0
Total ram usage:        6 bytes
 Hardware stack levels used:    1
 This function calls:
		Nothing
 This function is called by:
		_lcd_str
 This function uses a non-reentrant model


 *************** function _imprimeSimbolo *****************
 Defined at:
		line 713 in file "main.c"
 Parameters:    Size  Location     Type
  val             1    wreg     unsigned char 
 Auto vars:     Size  Location     Type
  val             1    9[COMRAM] unsigned char 
 Return value:  Size  Location     Type
                  1    wreg      void 
 Registers used:
		wreg, status,2, status,0, cstack
 Tracked objects:
		On entry : 
		On exit  : 
		Unchanged: 
 Data sizes:     COMRAM   BANK0   BANK1   BANK2   BANK3   BANK4   BANK5
      Params:         0       0       0       0       0       0       0
      Locals:         1       0       0       0       0       0       0
      Temps:          0       0       0       0       0       0       0
      Totals:         1       0       0       0       0       0       0
Total ram usage:        1 bytes
 Hardware stack levels used:    1
 Hardware stack levels required when called:    2
 This function calls:
		_lcd_dat
		_lcd_pos
 This function is called by:
		_mensagem
		_ligacao
		_simulaMensagem
		_simulaChamada
 This function uses a non-reentrant model


 *************** function _lcd_pos *****************
 Defined at:
		line 44 in file "lcd.c"
 Parameters:    Size  Location     Type
  lin             1    wreg     unsigned char 
  col             1    5[COMRAM] unsigned char 
 Auto vars:     Size  Location     Type
  lin             1    8[COMRAM] unsigned char 
  val             2    6[COMRAM] unsigned int 
 Return value:  Size  Location     Type
                  1    wreg      void 
 Registers used:
		wreg, status,2, status,0, cstack
 Tracked objects:
		On entry : 
		On exit  : 
		Unchanged: 
 Data sizes:     COMRAM   BANK0   BANK1   BANK2   BANK3   BANK4   BANK5
      Params:         1       0       0       0       0       0       0
      Locals:         3       0       0       0       0       0       0
      Temps:          0       0       0       0       0       0       0
      Totals:         4       0       0       0       0       0       0
Total ram usage:        4 bytes
 Hardware stack levels used:    1
 Hardware stack levels required when called:    1
 This function calls:
		_atraso_ms
		_lcd_wr
 This function is called by:
		_main
		_menu
		_mensagem
		_ligacao
		_simulaMensagem
		_simulaChamada
		_imprimeSimbolo
		_lcd_str
 This function uses a non-reentrant model


 *************** function _lcd_dat *****************
 Defined at:
		line 65 in file "lcd.c"
 Parameters:    Size  Location     Type
  val             1    wreg     unsigned char 
 Auto vars:     Size  Location     Type
  val             1    5[COMRAM] unsigned char 
 Return value:  Size  Location     Type
                  1    wreg      void 
 Registers used:
		wreg, status,2, status,0, cstack
 Tracked objects:
		On entry : 
		On exit  : 
		Unchanged: 
 Data sizes:     COMRAM   BANK0   BANK1   BANK2   BANK3   BANK4   BANK5
      Params:         0       0       0       0       0       0       0
      Locals:         1       0       0       0       0       0       0
      Temps:          0       0       0       0       0       0       0
      Totals:         1       0       0       0       0       0       0
Total ram usage:        1 bytes
 Hardware stack levels used:    1
 Hardware stack levels required when called:    1
 This function calls:
		_atraso_ms
		_lcd_wr
 This function is called by:
		_main
		_mensagem
		_ligacao
		_imprimeSimbolo
		_lcd_str
 This function uses a non-reentrant model


 *************** function _lcd_init *****************
 Defined at:
		line 75 in file "lcd.c"
 Parameters:    Size  Location     Type
		None
 Auto vars:     Size  Location     Type
		None
 Return value:  Size  Location     Type
                  1    wreg      void 
 Registers used:
		wreg, status,2, status,0, cstack
 Tracked objects:
		On entry : 
		On exit  : 
		Unchanged: 
 Data sizes:     COMRAM   BANK0   BANK1   BANK2   BANK3   BANK4   BANK5
      Params:         0       0       0       0       0       0       0
      Locals:         0       0       0       0       0       0       0
      Temps:          0       0       0       0       0       0       0
      Totals:         0       0       0       0       0       0       0
Total ram usage:        0 bytes
 Hardware stack levels used:    1
 Hardware stack levels required when called:    2
 This function calls:
		_atraso_ms
		_lcd_cmd
 This function is called by:
		_main
 This function uses a non-reentrant model


 *************** function _lcd_cmd *****************
 Defined at:
		line 34 in file "lcd.c"
 Parameters:    Size  Location     Type
  val             1    wreg     unsigned char 
 Auto vars:     Size  Location     Type
  val             1    5[COMRAM] unsigned char 
 Return value:  Size  Location     Type
                  1    wreg      void 
 Registers used:
		wreg, status,2, status,0, cstack
 Tracked objects:
		On entry : 
		On exit  : 
		Unchanged: 
 Data sizes:     COMRAM   BANK0   BANK1   BANK2   BANK3   BANK4   BANK5
      Params:         0       0       0       0       0       0       0
      Locals:         1       0       0       0       0       0       0
      Temps:          0       0       0       0       0       0       0
      Totals:         1       0       0       0       0       0       0
Total ram usage:        1 bytes
 Hardware stack levels used:    1
 Hardware stack levels required when called:    1
 This function calls:
		_atraso_ms
		_lcd_wr
 This function is called by:
		_main
		_menu
		_mensagem
		_ligacao
		_simulaMensagem
		_simulaChamada
		_lcd_init
 This function uses a non-reentrant model


 *************** function _lcd_wr *****************
 Defined at:
		line 30 in file "lcd.c"
 Parameters:    Size  Location     Type
  val             1    wreg     unsigned char 
 Auto vars:     Size  Location     Type
  val             1    0[COMRAM] unsigned char 
 Return value:  Size  Location     Type
                  1    wreg      void 
 Registers used:
		wreg
 Tracked objects:
		On entry : 
		On exit  : 
		Unchanged: 
 Data sizes:     COMRAM   BANK0   BANK1   BANK2   BANK3   BANK4   BANK5
      Params:         0       0       0       0       0       0       0
      Locals:         1       0       0       0       0       0       0
      Temps:          0       0       0       0       0       0       0
      Totals:         1       0       0       0       0       0       0
Total ram usage:        1 bytes
 Hardware stack levels used:    1
 This function calls:
		Nothing
 This function is called by:
		_lcd_cmd
		_lcd_pos
		_lcd_dat
 This function uses a non-reentrant model


 *************** function _atraso_ms *****************
 Defined at:
		line 26 in file "atraso.c"
 Parameters:    Size  Location     Type
  valor           2    0[COMRAM] unsigned int 
 Auto vars:     Size  Location     Type
  i               2    2[COMRAM] unsigned int 
  j               1    4[COMRAM] unsigned char 
 Return value:  Size  Location     Type
                  1    wreg      void 
 Registers used:
		wreg, status,2, status,0
 Tracked objects:
		On entry : 
		On exit  : 
		Unchanged: 
 Data sizes:     COMRAM   BANK0   BANK1   BANK2   BANK3   BANK4   BANK5
      Params:         2       0       0       0       0       0       0
      Locals:         3       0       0       0       0       0       0
      Temps:          0       0       0       0       0       0       0
      Totals:         5       0       0       0       0       0       0
Total ram usage:        5 bytes
 Hardware stack levels used:    1
 This function calls:
		Nothing
 This function is called by:
		_tc_tecla
		_mensagem
		_ligacao
		_simulaChamada
		_lcd_cmd
		_lcd_pos
		_lcd_dat
		_lcd_init
 This function uses a non-reentrant model



MODULE INFORMATION

Module		Function		Class		Link	Load	Size
rtc_r.c
		_getu          		CODE           	20D0	0000	11
		_rtc_r         		CODE           	1AB4	0000	233
		_getd          		CODE           	20C4	0000	13

rtc_r.c estimated size: 257

keypad.c
		_tc_tecla      		CODE           	1314	0000	491

keypad.c estimated size: 491

i2c.c
		_i2c_rb        		CODE           	1CEC	0000	131
		_delay         		CODE           	1EB4	0000	97
		_i2c_start     		CODE           	20B4	0000	17
		_i2c_stop      		CODE           	20A4	0000	17
		_i2c_wb        		CODE           	1F14	0000	93

i2c.c estimated size: 355

atraso.c
		_atraso_ms     		CODE           	1FCC	0000	63

atraso.c estimated size: 63

shared
		__initialization		CODE           	1DF0	0000	89
		_linha         		SMALLCONST     	0601	0000	5

shared estimated size: 94

lcd.c
		_lcd_cmd       		CODE           	2034	0000	43
		_lcd_dat       		CODE           	200A	0000	43
		_lcd_pos       		CODE           	1B9C	0000	175
		_lcd_wr        		CODE           	20DA	0000	9
		_lcd_str       		CODE           	19A6	0000	271
		_lcd_init      		CODE           	1F70	0000	93

lcd.c estimated size: 634

C:\Program Files (x86)\Microchip\xc8\v2.10\pic\sources\c99\common\Umul16.c
		___wmul        		CODE           	205E	0000	39

C:\Program Files (x86)\Microchip\xc8\v2.10\pic\sources\c99\common\Umul16.c estimated size: 39

main.c
		_ligacao       		CODE           	0F5A	0000	955
		_menu          		CODE           	1884	0000	291
		_main          		CODE           	16E2	0000	419
		_simulaChamada 		CODE           	14FE	0000	485
		_imprimeSimbolo		CODE           	1D6E	0000	131
		_simulaMensagem		CODE           	1C4A	0000	163
		_mensagem      		CODE           	06B2	0000	2217

main.c estimated size: 4661

